
> gym-ecom-admin@0.0.0 build
> vite build

[36mvite v7.3.1 [32mbuilding client environment for production...[36m[39m
transforming...
[32mÔ£ô[39m 14 modules transformed.
node.exe : [31mÔ£ù[39m Build failed in 210ms
Au caractère Ligne:1 : 1
+ & "C:\Program Files\nodejs/node.exe" "C:\Program Files\nodejs/node_mo ...
+ ~~~~~~~~~~~~~~~~~~~~~~~~~~~~~~~~~~~~~~~~~~~~~~~~~~~~~~~~~~~~~~~~~~~~~
    + CategoryInfo              : NotSpe    cified: ([31mÔ£    ù[39m Build fai    led in 210ms:Str    ing) [], RemoteE    xception
    + FullyQualified    ErrorId : Native    CommandError
 
[31merror during build:
[31mCould not resolve "./pages/Dashboard" from "src/App.jsx"[31m
file: [36mD:/gym-ecom-admin/src/App.jsx[31m
    at getRollupError (file:///D:/gym-ecom-admin/node_modules/rollup/dist/es/shared/parseAst.js:402:41)
    at error (file:///D:/gym-ecom-admin/node_modules/rollup/dist/es/shared/parseAst.js:398:42)
    at ModuleLoader.handleInvalidResolvedId (file:///D:/gym-ecom-admin/node_modules/rollup/dist/es/shared/node-entry.js:21687:24)
    at file:///D:/gym-ecom-admin/node_modules/rollup/dist/es/shared/node-entry.js:21647:26[39m
